C:\Users\Gustavo AS\Desktop\Repositorios\instalacao-ex>git init
Initialized empty Git repository in C:/Users/Gustavo AS/Desktop/Repositorios/ins
talacao-ex/.git/

C:\Users\Gustavo AS\Desktop\Repositorios\instalacao-ex>git status
On branch master

No commits yet

Untracked files:
  (use "git add <file>..." to include in what will be committed)
        codigo.txt

nothing added to commit but untracked files present (use "git add" to track)

C:\Users\Gustavo AS\Desktop\Repositorios\instalacao-ex>git add .

C:\Users\Gustavo AS\Desktop\Repositorios\instalacao-ex>git add .

C:\Users\Gustavo AS\Desktop\Repositorios\instalacao-ex>git status
On branch master

No commits yet

Changes to be committed:
  (use "git rm --cached <file>..." to unstage)
        new file:   codigo.txt


C:\Users\Gustavo AS\Desktop\Repositorios\instalacao-ex>git commit -m "adicao do
arquivo codigo.txt"
[master (root-commit) cbf67e4] adicao do arquivo codigo.txt
 1 file changed, 1 insertion(+)
 create mode 100644 codigo.txt

C:\Users\Gustavo AS\Desktop\Repositorios\instalacao-ex>git status
On branch master
nothing to commit, working tree clean

C:\Users\Gustavo AS\Desktop\Repositorios\instalacao-ex>